warning: fields `enabled` and `grid_dims` are never read
   --> src/bin/voxelot.rs:558:5
    |
557 | struct GiSettings {
    |        ---------- fields in this struct
558 |     enabled: bool,
    |     ^^^^^^^
...
562 |     grid_dims: glam::IVec3,
    |     ^^^^^^^^^
    |
    = note: `#[warn(dead_code)]` (part of `#[warn(unused)]`) on by default

warning: multiple fields are never read
    --> src/bin/voxelot.rs:1083:5
     |
 995 | struct App {
     |        --- fields in this struct
...
1083 |     mesh_jobs_executed: Arc<AtomicUsize>,
     |     ^^^^^^^^^^^^^^^^^^
...
1106 |     stat_vertex_buffers_reused: u64,
     |     ^^^^^^^^^^^^^^^^^^^^^^^^^^
1107 |     stat_index_buffers_reused: u64,
     |     ^^^^^^^^^^^^^^^^^^^^^^^^^
...
1302 |     kawase_last_ubo: Vec<[f32; 4]>,
     |     ^^^^^^^^^^^^^^^
1303 |     // Performance instrumentation: accumulat...
1304 |     kawase_write_acc: std::time::Duration,
     |     ^^^^^^^^^^^^^^^^
...
1364 |     shadow_map_bytes: u64,
     |     ^^^^^^^^^^^^^^^^
...
1378 |     query_resolve_buffer: Option<wgpu::Buffer>,
     |     ^^^^^^^^^^^^^^^^^^^^
1379 |     query_readback_buffer: Option<wgpu::Buffer>,
     |     ^^^^^^^^^^^^^^^^^^^^^
1380 |     query_readback_notifier_tx: Option<crossb...
     |     ^^^^^^^^^^^^^^^^^^^^^^^^^^
1381 |     query_readback_notifier_rx: Option<crossb...
     |     ^^^^^^^^^^^^^^^^^^^^^^^^^^
1382 |     query_readback_in_flight: bool,
     |     ^^^^^^^^^^^^^^^^^^^^^^^^
1383 |     gpu_timing_accum_scene_ms: f64,
     |     ^^^^^^^^^^^^^^^^^^^^^^^^^
1384 |     gpu_timing_accum_hzb_copy_ms: f64,
     |     ^^^^^^^^^^^^^^^^^^^^^^^^^^^^
1385 |     gpu_timing_accum_gpu_cull_ms: f64,
     |     ^^^^^^^^^^^^^^^^^^^^^^^^^^^^
1386 |     gpu_timing_accum_ssr_ms: f64,
     |     ^^^^^^^^^^^^^^^^^^^^^^^
1387 |     gpu_timing_accum_water_ms: f64,
     |     ^^^^^^^^^^^^^^^^^^^^^^^^^
1388 |     gpu_timing_accum_dof_ms: f64,
     |     ^^^^^^^^^^^^^^^^^^^^^^^
1389 |     gpu_timing_accum_kawase_ms: f64,
     |     ^^^^^^^^^^^^^^^^^^^^^^^^^^
1390 |     gpu_timing_accum_bloom_ms: f64,
     |     ^^^^^^^^^^^^^^^^^^^^^^^^^
1391 |     gpu_timing_accum_ssilvb_ms: f64,
     |     ^^^^^^^^^^^^^^^^^^^^^^^^^^
1392 |     gpu_timing_accum_post_ms: f64,
     |     ^^^^^^^^^^^^^^^^^^^^^^^^
1393 |     gpu_timing_accum_frames: u32,
     |     ^^^^^^^^^^^^^^^^^^^^^^^

warning: `voxelot` (bin "voxelot") generated 2 warnings
    Finished `release` profile [optimized] target(s) in 0.42s
     Running `target/release/voxelot worlds/flat_city_test.toml`
[2025-12-19T00:10:35Z INFO  voxelot] Hierarchical Voxel Viewer
[2025-12-19T00:10:35Z INFO  voxelot] =========================
[2025-12-19T00:10:35Z INFO  voxelot] Controls:
[2025-12-19T00:10:35Z INFO  voxelot]   WASD - Move
[2025-12-19T00:10:35Z INFO  voxelot]   Space/Shift - Up/Down
[2025-12-19T00:10:35Z INFO  voxelot]   Arrow Keys - Rotate (Left/Right yaw, Up/Down pitch)
[2025-12-19T00:10:35Z INFO  voxelot]   Right Mouse - Look around
[2025-12-19T00:10:35Z INFO  voxelot]   ESC - Quit
    
Loaded configuration from worlds/flat_city_test.toml
[2025-12-19T00:10:35Z INFO  voxelot] Loading voxel data from worlds/flat_city_test.vhc...
Creating world: 4096 units per side (3 levels deep)
[2025-12-19T00:10:36Z INFO  voxelot] Loading palette from worlds/palette.txt...
[2025-12-19T00:10:36Z INFO  voxelot] Updating LOD metadata...
[2025-12-19T00:10:36Z INFO  voxelot] LOD metadata updated (took 0.054s)
[2025-12-19T00:10:36Z INFO  voxelot] Generating hierarchy shells...
Shell generation stats: (17, 11634, [0, 71, 91, 0, 77, 16, 13, 3, 2644, 193, 191, 0, 72, 7, 8, 0, 89, 145, 149, 19, 12, 297, 290, 119, 191, 14, 13, 0, 5, 10, 10, 43, 91, 153, 161, 12, 11, 285, 268, 135, 188, 14, 13, 0, 5, 12, 11, 50, 0, 22, 12, 3, 1, 150, 141, 2103, 0, 0, 0, 0, 0, 51, 52, 2898])
[2025-12-19T00:10:37Z INFO  voxelot] Hierarchy shells generated (took 0.700s)
[2025-12-19T00:10:37Z INFO  voxelot] World created with voxels
[2025-12-19T00:10:37Z INFO  voxelot] Spawning GI worker thread...
[2025-12-19T00:10:37Z INFO  voxelot] 
    === Controls ===
[2025-12-19T00:10:37Z INFO  voxelot] Movement: WASD + Q/E (down/up)
[2025-12-19T00:10:37Z INFO  voxelot] Look: Right Mouse + drag
[2025-12-19T00:10:37Z INFO  voxelot] Rotate: Arrow Keys (Left/Right yaw, Up/Down pitch)
[2025-12-19T00:10:37Z INFO  voxelot] Camera Speed: -/+ (decrease/increase multiplier), 0 reset
[2025-12-19T00:10:37Z INFO  voxelot] Camera LOD Distance: R/T (decrease/increase)
[2025-12-19T00:10:37Z INFO  voxelot] Draw Distance: Z/C (decrease/increase)
[2025-12-19T00:10:37Z INFO  voxelot] Chunk LOD Distance: K/L (decrease/increase)
[2025-12-19T00:10:37Z INFO  voxelot] Time of Day: T (cycle through day/night)
[2025-12-19T00:10:37Z INFO  voxelot] Fog Density: F/G (decrease/increase)
[2025-12-19T00:10:37Z INFO  voxelot] Depth of Field: / (toggle), , and . adjust focus
[2025-12-19T00:10:37Z INFO  voxelot] Kawase DoF: X (toggle), U/I (offset -/+), O/P (iterations -/+)
[2025-12-19T00:10:37Z INFO  voxelot] Bloom: B (toggle)
[2025-12-19T00:10:37Z INFO  voxelot] HZB: J (toggle)
[2025-12-19T00:10:37Z INFO  voxelot] Boat camera: V (cycle), [/] distance, ;/' height, \ smooth toggle
[2025-12-19T00:10:37Z INFO  voxelot] Fullscreen: F11 (toggle)
[2025-12-19T00:10:37Z INFO  voxelot] Quit: ESC
[2025-12-19T00:10:37Z INFO  voxelot] ================
    
[2025-12-19T00:10:37Z INFO  voxelot] Loaded rendering config (TOML):
[2025-12-19T00:10:37Z INFO  voxelot]   LOD render distance: 1500
[2025-12-19T00:10:37Z INFO  voxelot]   Far plane: 7500
[2025-12-19T00:10:37Z INFO  voxelot]   FOV: 70°
[2025-12-19T00:10:37Z INFO  voxelot]   Culling overscan: 0.2
[2025-12-19T00:10:37Z INFO  voxelot]   Render overscan: 0.2
Loaded configuration from worlds/flat_city_test.toml
[2025-12-19T00:10:37Z INFO  voxelot] GPU profiling feature not compiled in; build with --features 'gpu-profiling' to enable
[2025-12-19T00:10:37Z ERROR wgpu::backend::wgpu_core] Handling wgpu errors as fatal by default

thread 'main' (3636783) panicked at /Users/lars/.cargo/registry/src/index.crates.io-1949cf8c6b5b557f/wgpu-28.0.0/src/backend/wgpu_core.rs:1079:30:
wgpu error: Validation Error

Caused by:
  In Device::create_shader_module, label = 'GPU Cull Shader'
    
Shader 'GPU Cull Shader' parsing error: the `subgroups` enable-extension is not yet supported
  ┌─ wgsl:1:8
  │
1 │ enable subgroups;
  │        ^^^^^^^^^ this enable-extension specifies standard functionality which is not yet implemented in Naga
  │
  = note: Let Naga maintainers know that you ran into this at <https://github.com/gfx-rs/wgpu/issues/5555>, so they can prioritize it!




note: run with `RUST_BACKTRACE=1` environment variable to display a backtrace

thread 'main' (3636783) panicked at library/core/src/panicking.rs:230:5:
panic in a function that cannot unwind
stack backtrace:
   0:        0x100d85fd4 - <std::sys::backtrace::BacktraceLock::print::DisplayBacktrace as core::fmt::Display>::fmt::ha3dceeb64d6d755a
   1:        0x100d959c4 - core::fmt::write::hc5e20bfea413ca42
   2:        0x100d6713c - std::io::Write::write_fmt::h9b1c8a672b66388c
   3:        0x100d6bcd4 - std::sys::backtrace::BacktraceLock::print::h0ffd262d85fa6559
   4:        0x100d6e234 - std::panicking::default_hook::{{closure}}::h0846092c61b9af60
   5:        0x100d6e0e8 - std::panicking::default_hook::h35436a0f0ee7230d
   6:        0x100d6e974 - std::panicking::panic_with_hook::hdc56260d2abe7e86
   7:        0x100d6e634 - std::panicking::panic_handler::{{closure}}::h30fdabf6237e3ea2
   8:        0x100d6bdec - std::sys::backtrace::__rust_end_short_backtrace::h5a13912b879d0f9d
   9:        0x100d5ff8c - __rustc[5b1b317a158ebeb2]::rust_begin_unwind
  10:        0x100dddb84 - core::panicking::panic_nounwind_fmt::hc184cec1b74e9690
  11:        0x100dddae8 - core::panicking::panic_nounwind::h33d6eea99d2c33e9
  12:        0x100dddc88 - core::panicking::panic_cannot_unwind::h370cc9038b7b1a14
  13:        0x100a68650 - winit::platform_impl::macos::app_state::ApplicationDelegate::app_did_finish_launching::h9a742df8387245c8
  14:        0x1964fb484 - <unknown>
  15:        0x19655ff34 - <unknown>
  16:        0x19655fe78 - <unknown>
  17:        0x1964d9f9c - <unknown>
  18:        0x1986fb308 - <unknown>
  19:        0x19a912e74 - <unknown>
  20:        0x19a912c24 - <unknown>
  21:        0x19ae8a56c - <unknown>
  22:        0x19ae8dd70 - <unknown>
  23:        0x198648728 - <unknown>
  24:        0x197d07688 - <unknown>
thread caused non-unwinding panic. aborting.
