    Finished `release` profile [optimized] target(s) in 0.49s
     Running `target/release/voxelot`
[2025-11-25T13:06:25Z ERROR wgpu::backend::wgpu_core] Handling wgpu errors as fatal by default

thread 'main' (11473150) panicked at /Users/lars/.cargo/registry/src/index.crates.io-1949cf8c6b5b557f/wgpu-27.0.1/src/backend/wgpu_core.rs:2568:18:
wgpu error: Validation Error

Caused by:
  In a CommandEncoder
    In a set_pipeline command
      Render pipeline targets are incompatible with render pass
        Incompatible depth-stencil attachment format: the RenderPass uses a texture with format None but the RenderPipeline with 'Water Pipeline' label uses an attachment with format Some(Depth32Float)


note: run with `RUST_BACKTRACE=1` environment variable to display a backtrace

thread 'main' (11473150) panicked at library/core/src/panicking.rs:230:5:
panic in a function that cannot unwind
stack backtrace:
   0:        0x1012b008c - <std::sys::backtrace::BacktraceLock::print::DisplayBacktrace as core::fmt::Display>::fmt::ha3dceeb64d6d755a
   1:        0x1012bef6c - core::fmt::write::hc5e20bfea413ca42
   2:        0x10129121c - std::io::Write::write_fmt::h9b1c8a672b66388c
   3:        0x101295c10 - std::sys::backtrace::BacktraceLock::print::h0ffd262d85fa6559
   4:        0x1012982c0 - std::panicking::default_hook::{{closure}}::h0846092c61b9af60
   5:        0x101298174 - std::panicking::default_hook::h35436a0f0ee7230d
   6:        0x101298a00 - std::panicking::panic_with_hook::hdc56260d2abe7e86
   7:        0x1012986c0 - std::panicking::panic_handler::{{closure}}::h30fdabf6237e3ea2
   8:        0x101295d28 - std::sys::backtrace::__rust_end_short_backtrace::h5a13912b879d0f9d
   9:        0x10128a06c - __rustc[5b1b317a158ebeb2]::rust_begin_unwind
  10:        0x10130f7b4 - core::panicking::panic_nounwind_fmt::hc184cec1b74e9690
  11:        0x10130f718 - core::panicking::panic_nounwind::h33d6eea99d2c33e9
  12:        0x10130f8b8 - core::panicking::panic_cannot_unwind::h370cc9038b7b1a14
  13:        0x100fe355c - winit::platform_impl::macos::view::WinitView::draw_rect::ha9516920ab6da320
  14:        0x1a280ff68 - <unknown>
  15:        0x1a280ff90 - <unknown>
  16:        0x1a27d4aec - <unknown>
  17:        0x1a27d5130 - <unknown>
  18:        0x1a251733c - <unknown>
  19:        0x1a31615c0 - <unknown>
  20:        0x1a32851a0 - <unknown>
  21:        0x1a2d75a8c - <unknown>
  22:        0x1a2833270 - <unknown>
  23:        0x1a28343b0 - <unknown>
  24:        0x1a28d73a8 - <unknown>
  25:        0x1a28d54f4 - <unknown>
  26:        0x1a2d756ac - <unknown>
  27:        0x1a7d47bfc - <unknown>
  28:        0x1a7ee1ce0 - <unknown>
  29:        0x1a7d2f39c - <unknown>
  30:        0x1a7f155e4 - <unknown>
  31:        0x1a2b93688 - <unknown>
thread caused non-unwinding panic. aborting.
